[2026-01-03 11:17:50] === New Contact Form Submission Started ===
[2026-01-03 11:17:50] Received input - Email: hillarykithinji755@gmail.com, Message length: 2
[2026-01-03 11:17:50] Database insert successful - Message ID: 35
[2026-01-03 11:22:06] === New Contact Form Submission Started ===
[2026-01-03 11:22:06] Received input - Email: hillarykithinji755@gmail.com, Message length: 2
[2026-01-03 11:22:06] Database insert successful - Message ID: 36
[2026-01-03 11:24:43] === New Contact Form Submission Started ===
[2026-01-03 11:24:43] Received input - Email: hillarykithinji755@gmail.com, Message length: 2
[2026-01-03 11:24:43] Database insert successful - Message ID: 37
[2026-01-03 11:27:34] === New Contact Form Submission Started ===
[2026-01-03 11:27:34] Received input - Email: hillarykithinji755@gmail.com, Message length: 2
[2026-01-03 11:27:34] Database insert successful - Message ID: 38
[2026-01-03 11:29:29] === New Contact Form Submission Started ===
[2026-01-03 11:29:29] Received input - Email: hillarykithinji755@gmail.com, Message length: 2
[2026-01-03 11:29:29] Database insert successful - Message ID: 39
[2026-01-03 11:35:51] === New Contact Form Submission Started ===
[2026-01-03 11:35:51] Received input - Email: hillarykithinji755@gmail.com, Message length: 2
[2026-01-03 11:35:51] Database insert successful - Message ID: 40
[2026-01-03 11:47:33] === New Contact Form Submission Started ===
[2026-01-03 11:47:33] Received input - Email: hillarykithinji755@gmail.com, Message length: 2
[2026-01-03 11:47:33] Database insert successful - Message ID: 41
[2026-01-03 11:47:46] === New Contact Form Submission Started ===
[2026-01-03 11:47:46] Received input - Email: hillarykithinji755@gmail.com, Message length: 2
[2026-01-03 11:47:46] Database insert successful - Message ID: 42
[2026-01-03 11:50:50] === New Contact Form Submission Started ===
[2026-01-03 11:50:50] Received input - Email: hillarykithinji755@gmail.com, Message length: 2
[2026-01-03 11:50:50] Database insert successful - Message ID: 44
[2026-01-03 12:00:06] === New Contact Form Submission Started ===
[2026-01-03 12:00:06] Received input - Email: hillarykithinji755@gmail.com, Message length: 2
[2026-01-03 12:00:06] Database insert successful - Message ID: 45
[2026-01-03 12:00:07] === New Contact Form Submission Started ===
[2026-01-03 12:00:07] Received input - Email: hillarykithinji755@gmail.com, Message length: 2
[2026-01-03 12:00:07] Database insert successful - Message ID: 46
[2026-01-03 12:01:42] === New Contact Form Submission Started ===
[2026-01-03 12:01:42] Received input - Email: hillarykithinji755@gmail.com, Message length: 2
[2026-01-03 12:01:42] Database insert successful - Message ID: 47
[2026-01-03 12:01:42] === New Contact Form Submission Started ===
[2026-01-03 12:01:42] Received input - Email: hillarykithinji755@gmail.com, Message length: 2
[2026-01-03 12:01:42] Database insert successful - Message ID: 48
[2026-01-03 12:07:38] === New Contact Form Submission Started ===
[2026-01-03 12:10:28] === New Contact Form Submission Started ===
[2026-01-03 12:10:28] Received input - Email: hillarykithinji755@gmail.com, Message length: 2
[2026-01-03 12:10:28] Database insert successful - Message ID: 51
[2026-01-03 12:10:32] Email sent successfully
[2026-01-03 12:10:32] === Submission Ended ===

[2026-01-03 12:10:32] === New Contact Form Submission Started ===
[2026-01-03 12:10:32] Received input - Email: hillarykithinji755@gmail.com, Message length: 2
[2026-01-03 12:10:32] Database insert successful - Message ID: 52
[2026-01-03 12:10:36] Email sent successfully
[2026-01-03 12:10:36] === Submission Ended ===

[2026-01-03 12:14:55] === New Contact Form Submission Started ===
[2026-01-03 12:14:55] Processing failed: Invalid request method
[2026-01-03 12:14:55] === Submission Ended ===

[2026-01-03 12:59:31] === New Contact Form Submission Started ===
[2026-01-03 12:59:31] Received input - Email: hillarykithinji755@gmail.com, Message length: 55
[2026-01-03 12:59:31] Database insert successful - Message ID: 53
[2026-01-03 12:59:36] Email sent successfully
[2026-01-03 12:59:36] === Submission Ended ===

[2026-01-03 13:47:54] === New Contact Form Submission Started ===
[2026-01-03 13:47:54] Received input - Email: hillarykithinji755@gmail.com, Message length: 2
[2026-01-03 13:47:54] Database insert successful - Message ID: 54
[2026-01-03 13:47:59] Email sent successfully
[2026-01-03 13:47:59] === Submission Ended ===

[2026-01-03 13:47:59] === New Contact Form Submission Started ===
[2026-01-03 13:47:59] Received input - Email: hillarykithinji755@gmail.com, Message length: 2
[2026-01-03 13:47:59] Database insert successful - Message ID: 55
[2026-01-03 13:48:03] Email sent successfully
[2026-01-03 13:48:03] === Submission Ended ===

[2026-05-20 06:56:29] === New Contact Form Submission Started ===
[2026-05-20 06:56:29] Received input - Email: kithinjihilary@gmail.com, Message length: 2
[2026-05-20 06:56:29] Database insert successful - Message ID: 56
[2026-05-20 06:56:35] Email sent successfully
[2026-05-20 06:56:35] === Submission Ended ===

[2026-05-20 06:56:35] === New Contact Form Submission Started ===
[2026-05-20 06:56:35] Received input - Email: kithinjihilary@gmail.com, Message length: 2
[2026-05-20 06:56:35] Database insert successful - Message ID: 57
[2026-05-20 06:56:40] Email sent successfully
[2026-05-20 06:56:40] === Submission Ended ===

[2026-06-23 11:55:48] === New Contact Form Submission Started ===
[2026-06-23 11:55:48] Received input - Email: hillarykithinji755@gmail.com, Message length: 2
[2026-06-23 11:55:48] Database insert successful - Message ID: 58
[2026-06-23 11:55:52] Email sent successfully
[2026-06-23 11:55:52] === Submission Ended ===

[2026-06-23 11:55:52] === New Contact Form Submission Started ===
[2026-06-23 11:55:52] Received input - Email: hillarykithinji755@gmail.com, Message length: 2
[2026-06-23 11:55:52] Database insert successful - Message ID: 59
[2026-06-23 11:55:56] Email sent successfully
[2026-06-23 11:55:56] === Submission Ended ===

[2026-06-23 13:17:28] === New Contact Form Submission Started ===
[2026-06-23 13:17:28] Received input - Email: kithinjihilary@gmail.com, Message length: 2
[2026-06-23 13:17:28] Database insert successful - Message ID: 60
[2026-06-23 13:17:32] Email sent successfully
[2026-06-23 13:17:32] === Submission Ended ===

[2026-06-23 13:17:32] === New Contact Form Submission Started ===
[2026-06-23 13:17:32] Received input - Email: kithinjihilary@gmail.com, Message length: 2
[2026-06-23 13:17:32] Database insert successful - Message ID: 61
[2026-06-23 13:17:36] Email sent successfully
[2026-06-23 13:17:36] === Submission Ended ===

[2026-06-23 13:34:09] === New Contact Form Submission Started ===
[2026-06-23 13:34:09] Received input - Email: kuria3606@gmail.com, Message length: 2
[2026-06-23 13:34:09] Database insert successful - Message ID: 62
[2026-06-23 13:34:14] Email sent successfully
[2026-06-23 13:34:14] === Submission Ended ===

[2026-06-23 13:34:14] === New Contact Form Submission Started ===
[2026-06-23 13:34:14] Received input - Email: kuria3606@gmail.com, Message length: 2
[2026-06-23 13:34:14] Database insert successful - Message ID: 63
[2026-06-23 13:34:18] Email sent successfully
[2026-06-23 13:34:18] === Submission Ended ===

